[files.twoplayergames.org/files/games/other/G-Switch_3/index.html]
[backblue.gif]
[fade.gif]
[index.html]
[files.twoplayergames.org/files/games/other/G-Switch_3/favicon.png]
[files.twoplayergames.org/files/games/other/G-Switch_3/lib/howler.min.js]
[files.twoplayergames.org/files/games/other/G-Switch_3/lib/pako.min.js]
[files.twoplayergames.org/files/games/other/G-Switch_3/lib/FileSaver.min.js]
[files.twoplayergames.org/files/games/other/G-Switch_3/assets/data/MeiryoUId41d.eot]
[files.twoplayergames.org/files/games/other/G-Switch_3/G-Switch3.js]
[files.twoplayergames.org/files/games/other/G-Switch_3/assets/data/MeiryoUI.woff]
[files.twoplayergames.org/files/games/other/G-Switch_3/assets/data/MeiryoUI.ttf]
[files.twoplayergames.org/files/games/other/G-Switch_3/assets/data/MeiryoUI.svg]
[files.twoplayergames.org/files/games/other/G-Switch_3/assets/data/MeiryoUIBoldd41d.eot]
[files.twoplayergames.org/files/games/other/G-Switch_3/assets/data/MeiryoUIBold.woff]
[files.twoplayergames.org/files/games/other/G-Switch_3/assets/data/MeiryoUIBold.ttf]
[files.twoplayergames.org/files/games/other/G-Switch_3/assets/data/MeiryoUIBold.svg]
[files.twoplayergames.org/files/games/other/G-Switch_3/assets/data/UnDotumd41d.eot]
[files.twoplayergames.org/files/games/other/G-Switch_3/assets/data/UnDotum.woff]
[files.twoplayergames.org/files/games/other/G-Switch_3/assets/data/UnDotum.ttf]
[files.twoplayergames.org/files/games/other/G-Switch_3/assets/data/UnDotum.svg]
[files.twoplayergames.org/files/games/other/G-Switch_3/assets/data/UnDotumBoldd41d.eot]
[files.twoplayergames.org/files/games/other/G-Switch_3/assets/data/UnDotumBold.woff]
[files.twoplayergames.org/files/games/other/G-Switch_3/assets/data/UnDotumBold.ttf]
[files.twoplayergames.org/files/games/other/G-Switch_3/assets/data/UnDotumBold.svg]
[files.twoplayergames.org/files/games/other/G-Switch_3/assets/data/verdanad41d.eot]
[files.twoplayergames.org/files/games/other/G-Switch_3/assets/data/verdana.woff]
[files.twoplayergames.org/files/games/other/G-Switch_3/assets/data/verdana.ttf]
[files.twoplayergames.org/files/games/other/G-Switch_3/assets/data/verdana.svg]
[files.twoplayergames.org/files/games/other/G-Switch_3/assets/data/verdanabd41d.eot]
[files.twoplayergames.org/files/games/other/G-Switch_3/assets/data/verdanab.woff]
[files.twoplayergames.org/files/games/other/G-Switch_3/assets/data/verdanab.ttf]
[files.twoplayergames.org/files/games/other/G-Switch_3/assets/data/verdanab.svg]
[files.twoplayergames.org/files/games/other/G-Switch_3/assets/data/verdanaid41d.eot]
[files.twoplayergames.org/files/games/other/G-Switch_3/assets/data/verdanai.woff]
[files.twoplayergames.org/files/games/other/G-Switch_3/assets/data/verdanai.ttf]
[files.twoplayergames.org/files/games/other/G-Switch_3/assets/data/verdanai.svg]
[files.twoplayergames.org/files/games/other/G-Switch_3/assets/data/verdanazd41d.eot]
[files.twoplayergames.org/files/games/other/G-Switch_3/assets/data/verdanaz.woff]
[files.twoplayergames.org/files/games/other/G-Switch_3/assets/data/verdanaz.ttf]
[files.twoplayergames.org/files/games/other/G-Switch_3/assets/data/verdanaz.svg]
[files.twoplayergames.org/files/games/other/G-Switch_3/assets/data/YaHei Boldd41d.eot]
[files.twoplayergames.org/files/games/other/G-Switch_3/assets/data/YaHei Bold.woff]
[files.twoplayergames.org/files/games/other/G-Switch_3/assets/data/YaHei Bold.ttf]
[files.twoplayergames.org/files/games/other/G-Switch_3/assets/data/YaHei Bold.svg]
[files.twoplayergames.org/files/games/other/G-Switch_3/assets/data/YaHeid41d.eot]
[files.twoplayergames.org/files/games/other/G-Switch_3/assets/data/YaHei.woff]
[files.twoplayergames.org/files/games/other/G-Switch_3/assets/data/YaHei.ttf]
[files.twoplayergames.org/files/games/other/G-Switch_3/assets/data/YaHei.svg]
[files.twoplayergames.org/files/games/other/G-Switch_3/assets/data/MeiryoUI.eot]
[files.twoplayergames.org/files/games/other/G-Switch_3/assets/data/MeiryoUIBold.eot]
[files.twoplayergames.org/files/games/other/G-Switch_3/assets/data/UnDotum.eot]
[files.twoplayergames.org/files/games/other/G-Switch_3/assets/data/UnDotumBold.eot]
[files.twoplayergames.org/files/games/other/G-Switch_3/assets/data/verdana.eot]
[files.twoplayergames.org/files/games/other/G-Switch_3/assets/data/verdanab.eot]
[files.twoplayergames.org/files/games/other/G-Switch_3/assets/data/verdanai.eot]
[files.twoplayergames.org/files/games/other/G-Switch_3/assets/data/verdanaz.eot]
[files.twoplayergames.org/files/games/other/G-Switch_3/assets/data/YaHei Bold.eot]
[files.twoplayergames.org/files/games/other/G-Switch_3/assets/data/YaHei.eot]
[files.twoplayergames.org/files/games/other/G-Switch_3/flixel/fonts/nokiafc22d41d.eot]
[files.twoplayergames.org/files/games/other/G-Switch_3/flixel/fonts/nokiafc22.woff]
[files.twoplayergames.org/files/games/other/G-Switch_3/flixel/fonts/nokiafc22.ttf]
[files.twoplayergames.org/files/games/other/G-Switch_3/flixel/fonts/nokiafc22.svg]
[files.twoplayergames.org/files/games/other/G-Switch_3/flixel/fonts/monsterratd41d.eot]
[files.twoplayergames.org/files/games/other/G-Switch_3/flixel/fonts/monsterrat.woff]
[files.twoplayergames.org/files/games/other/G-Switch_3/flixel/fonts/monsterrat.ttf]
[files.twoplayergames.org/files/games/other/G-Switch_3/flixel/fonts/monsterrat.svg]
[files.twoplayergames.org/files/games/other/G-Switch_3/assets/branding/tpg_splash_title.png]
[files.twoplayergames.org/files/games/other/G-Switch_3/index.html]
[files.twoplayergames.org/files/games/other/G-Switch_3/assets/data/MeiryoUI.svg]
[files.twoplayergames.org/files/games/other/G-Switch_3/assets/data/MeiryoUIBold.svg]
[files.twoplayergames.org/files/games/other/G-Switch_3/assets/data/UnDotum.svg]
[files.twoplayergames.org/files/games/other/G-Switch_3/assets/data/UnDotumBold.svg]
[files.twoplayergames.org/files/games/other/G-Switch_3/assets/data/verdana.svg]
[files.twoplayergames.org/files/games/other/G-Switch_3/assets/data/verdanab.svg]
[files.twoplayergames.org/files/games/other/G-Switch_3/assets/data/verdanai.svg]
[files.twoplayergames.org/files/games/other/G-Switch_3/assets/data/verdanaz.svg]
[files.twoplayergames.org/files/games/other/G-Switch_3/assets/data/YaHei Bold.svg]
[files.twoplayergames.org/files/games/other/G-Switch_3/assets/data/YaHei.svg]
[files.twoplayergames.org/files/games/other/G-Switch_3/flixel/fonts/nokiafc22.svg]
[files.twoplayergames.org/files/games/other/G-Switch_3/flixel/fonts/monsterrat.svg]
[files.twoplayergames.org/files/games/other/G-Switch_3/document.html]
